// Jest Snapshot v1, https://goo.gl/fbAQLP

exports[`App App should match snapshot 1`] = `
<div
  className="root container-fluid"
>
  <div
    className="card p-4 weatherWidget"
  >
    <div
      className="row no-gutters mb-4 information"
    >
      <LocationSearchForm
        isLoading={false}
        onSubmit={[Function]}
      />
    </div>
    <div
      className="row no-gutters mb-4 information"
    />
    <div
      className="row no-gutters information"
    >
      <ForecastList
        consolidatedWeathers={Array []}
        setCurrentWeather={[Function]}
      />
    </div>
  </div>
</div>
`;

exports[`App renderCurrentWeatherInfo should render correctly and have data 1`] = `
<div>
  <div
    className="text-center"
  >
    <h1>
      Heavy Rain
    </h1>
    <div>
      <span
        className="temperatureText"
      >
        32
      </span>
      <span>
        â„ƒ
      </span>
    </div>
    <h4>
      Ho Chi Minh City
    </h4>
    <h6>
      Thursday
    </h6>
  </div>
</div>
`;

exports[`App renderCurrentWeatherInfo should render correctly and no data 1`] = `<div />`;

exports[`App renderError should render null 1`] = `<div />`;

exports[`App renderError should renderError 1`] = `
<div>
  <div
    className="row no-gutters mb-4"
  >
    <Alert
      message="MockError"
    />
  </div>
</div>
`;
