// Jest Snapshot v1, https://goo.gl/fbAQLP

exports[`Spin should match snapshot 1`] = `
<div
  className="spinner-border spinner-border-sm"
>
  <span
    className="sr-only"
  />
</div>
`;
